98.47219848632812
97.27495574951172
95.82062530517578
94.09838104248047
93.26276397705078
92.012451171875
89.87682342529297
88.6878890991211
87.51033782958984
85.32177734375
83.64337158203125
82.77972412109375
79.85946655273438
78.34330749511719
76.75011444091797
72.54511260986328
70.78730773925781
68.88243103027344
67.0657958984375
64.30074310302734
62.30677795410156
59.28961944580078
57.223976135253906
54.79230499267578
51.76971435546875
48.69849395751953
45.49260711669922
42.47813034057617
40.8747444152832
37.867210388183594
35.36695861816406
32.96800994873047
30.34574317932129
27.81637954711914
26.09685707092285
24.177688598632812
22.382131576538086
